[autopecasgallo.com.br/index.html]
[backblue.gif]
[fade.gif]
[index.html]
[autopecasgallo.com.br/wp-includes/css/dist/block-library/style.minae48.css]
[autopecasgallo.com.br/wp-includes/css/classic-themes.minae48.css]
[autopecasgallo.com.br/feed/index.html]
[autopecasgallo.com.br/wp-content/themes/hello-elementor/style.minc141.css]
[autopecasgallo.com.br/wp-content/themes/hello-elementor/theme.minc141.css]
[autopecasgallo.com.br/wp-content/plugins/elementor/assets/css/frontend-lite.mina5bd.css]
[autopecasgallo.com.br/wp-content/cache/min/1/wp-content/uploads/elementor/css/post-8-33d78085af0c4defe482541fdea153b4.css]
[autopecasgallo.com.br/comments/feed/index.html]
[autopecasgallo.com.br/wp-content/cache/min/1/wp-content/plugins/elementor/assets/lib/eicons/css/elementor-icons.min-4b322ec4fb95a695bf0939d284d75472.css]
[autopecasgallo.com.br/wp-content/cache/min/1/wp-content/plugins/elementor/assets/lib/swiper/v8/css/swiper.min-2dcd2555f0b29bce481d79dd0762fbc4.css]
[autopecasgallo.com.br/wp-content/plugins/pro-elements/assets/css/frontend-lite.min1ac1.css]
[autopecasgallo.com.br/wp-content/cache/min/1/wp-content/uploads/elementor/css/global-45bcc181d71a31e2e08eed1b6ac62cf8.css]
[autopecasgallo.com.br/wp-content/cache/min/1/wp-content/uploads/elementor/css/post-67-83ad0e3da61f83e7ebc03b3a2ae98047.css]
[autopecasgallo.com.br/wp-content/plugins/elementor/assets/lib/font-awesome/css/fontawesome.min52d5.css]
[autopecasgallo.com.br/wp-content/cache/min/1/wp-content/plugins/elementor/assets/lib/font-awesome/css/solid.min-e818003f5fcc06259626ca42af008d52.css]
[autopecasgallo.com.br/wp-content/cache/min/1/wp-content/plugins/elementor/assets/lib/font-awesome/css/brands.min-a8fb8a0c1be41e79924de9e39fc1a7ca.css]
[autopecasgallo.com.br/wp-includes/js/jquery/jquery.mina767.js]
[autopecasgallo.com.br/wp-includes/js/jquery/jquery-migrate.min6b00.js]
[autopecasgallo.com.br/wp-content/plugins/pixelyoursite/dist/scripts/jquery.bind-first-0.2.3.minae48.js]
[autopecasgallo.com.br/wp-content/plugins/pixelyoursite/dist/scripts/js.cookie-2.1.3.min4c71.js]
[autopecasgallo.com.br/wp-content/cache/min/1/wp-content/plugins/pixelyoursite/dist/scripts/public-6045b9a370926030b156bf5775174631.js]
[autopecasgallo.com.br/wp-json/index.html]
[autopecasgallo.com.br/wp-json/wp/v2/pages/67.json]
[autopecasgallo.com.br/xmlrpc0db0.php]
[autopecasgallo.com.br/wp-includes/wlwmanifest.xml]
[autopecasgallo.com.br/wp-json/oembed/1.0/embed156f.json]
[autopecasgallo.com.br/wp-json/oembed/1.0/embed348d]
[autopecasgallo.com.br/wp-content/uploads/2023/03/cropped-cropped-marca-gallo-preto-32x32.png]
[autopecasgallo.com.br/wp-content/uploads/2023/03/cropped-cropped-marca-gallo-preto-192x192.png]
[autopecasgallo.com.br/wp-content/uploads/2023/03/cropped-cropped-marca-gallo-preto-180x180.png]
[autopecasgallo.com.br/wp-content/plugins/elementor/assets/css/widget-icon-list.min.css]
[autopecasgallo.com.br/wp-content/webp-express/webp-images/uploads/2023/03/marca-gallo-preto.png.webp]
[autopecasgallo.com.br/wp-content/uploads/2023/03/Baterias-de-Carro.webp]
[autopecasgallo.com.br/wp-content/uploads/2023/03/Sensores.webp]
[autopecasgallo.com.br/wp-content/uploads/2023/03/Lampadas.webp]
[autopecasgallo.com.br/wp-content/uploads/2023/03/Velas-de-Ignicao.webp]
[autopecasgallo.com.br/wp-content/uploads/2023/03/Cabo-de-Vela.webp]
[autopecasgallo.com.br/wp-content/uploads/2023/03/Bobina-de-Ignicao.webp]
[autopecasgallo.com.br/wp-content/uploads/2023/03/Lubrificante.webp]
[autopecasgallo.com.br/wp-content/uploads/2023/03/Filtro-de-oleo.webp]
[autopecasgallo.com.br/wp-content/uploads/2023/03/Filtro-de-Combustivel.webp]
[autopecasgallo.com.br/wp-content/uploads/2023/03/Filtro-de-Ar.webp]
[autopecasgallo.com.br/wp-content/uploads/2023/03/Homocinetica.webp]
[autopecasgallo.com.br/wp-content/uploads/2023/03/Oleo-de-Cambio.webp]
[autopecasgallo.com.br/wp-content/uploads/2023/03/Fluido-de-Freio.webp]
[autopecasgallo.com.br/wp-content/uploads/2023/03/Pastilha-de-Freio.webp]
[autopecasgallo.com.br/wp-content/uploads/2023/03/Disco-de-Freio.webp]
[autopecasgallo.com.br/wp-content/uploads/2023/03/Amortecedor.webp]
[autopecasgallo.com.br/wp-content/uploads/2023/03/Kit-embreagem.webp]
[autopecasgallo.com.br/wp-content/uploads/2023/03/Bandeja-de-Suspensao.webp]
[autopecasgallo.com.br/wp-content/webp-express/webp-images/uploads/2023/03/IMAGEM-ENTREGA.jpg.webp]
[autopecasgallo.com.br/wp-content/webp-express/webp-images/uploads/2023/03/heliar-300x300.png.webp]
[autopecasgallo.com.br/wp-content/webp-express/webp-images/uploads/2023/03/ngk-logo-300x300.png.webp]
[autopecasgallo.com.br/wp-content/webp-express/webp-images/uploads/2023/03/shell-300x300.png.webp]
[autopecasgallo.com.br/wp-content/webp-express/webp-images/uploads/2023/03/logo-tecfil-300x300.png.webp]
[autopecasgallo.com.br/wp-content/webp-express/webp-images/uploads/2023/03/ipiranga-300x300.png.webp]
[autopecasgallo.com.br/wp-content/webp-express/webp-images/uploads/2023/03/havoline-300x300.png.webp]
[autopecasgallo.com.br/wp-content/webp-express/webp-images/uploads/2023/03/acdelco-300x300.png.webp]
[autopecasgallo.com.br/wp-content/webp-express/webp-images/uploads/2023/03/vox-300x300.png.webp]
[autopecasgallo.com.br/wp-content/webp-express/webp-images/uploads/2023/03/onbat--300x300.png.webp]
[autopecasgallo.com.br/wp-content/webp-express/webp-images/uploads/2023/03/moura-300x300.png.webp]
[autopecasgallo.com.br/wp-content/webp-express/webp-images/uploads/2023/03/inpeca-300x300.png.webp]
[autopecasgallo.com.br/wp-content/webp-express/webp-images/uploads/2023/03/jupiter-300x300.png.webp]
[autopecasgallo.com.br/wp-content/cache/min/1/wp-content/uploads/trustindex-google-widget-ecf8970f4f95c0e1d52df1f370f141ba.css]
[autopecasgallo.com.br/wp-content/cache/min/1/wp-content/uploads/elementor/css/post-237-a7f22e9d747ad4963c2462b91b8b51d1.css]
[autopecasgallo.com.br/wp-content/plugins/elementor/assets/lib/animations/animations.mina5bd.css]
[autopecasgallo.com.br/wp-content/themes/hello-elementor/assets/js/hello-frontend.min8a54.js]
[autopecasgallo.com.br/wp-content/plugins/pro-elements/assets/lib/lottie/lottie.min3f90.js]
[autopecasgallo.com.br/wp-content/cache/min/1/loader-ce1648bf06a1ca22fb2230f051889b0c.js]
[autopecasgallo.com.br/wp-content/plugins/pro-elements/assets/js/webpack-pro.runtime.min1ac1.js]
[autopecasgallo.com.br/wp-content/plugins/elementor/assets/js/webpack.runtime.mina5bd.js]
[autopecasgallo.com.br/wp-content/plugins/elementor/assets/js/frontend-modules.mina5bd.js]
[autopecasgallo.com.br/wp-includes/js/dist/vendor/wp-polyfill-inert.min0226.js]
[autopecasgallo.com.br/wp-includes/js/dist/vendor/regenerator-runtime.min8fa4.js]
[autopecasgallo.com.br/wp-includes/js/dist/vendor/wp-polyfill.min2c7c.js]
[autopecasgallo.com.br/wp-includes/js/dist/hooks.min6c65.js]
[autopecasgallo.com.br/wp-includes/js/dist/i18n.mine57b.js]
[autopecasgallo.com.br/wp-content/plugins/pro-elements/assets/js/frontend.min1ac1.js]
[autopecasgallo.com.br/wp-content/plugins/elementor/assets/lib/waypoints/waypoints.min05da.js]
[autopecasgallo.com.br/wp-includes/js/jquery/ui/core.min3f14.js]
[autopecasgallo.com.br/wp-content/plugins/elementor/assets/js/frontend.mina5bd.js]
[autopecasgallo.com.br/wp-content/plugins/pro-elements/assets/js/elements-handlers.min1ac1.js]
[autopecasgallo.com.br/index.html]
[autopecasgallo.com.br/wp-includes/css/dist/block-library/style.minae48.css]
[autopecasgallo.com.br/wp-includes/css/classic-themes.minae48.css]
[autopecasgallo.com.br/wp-content/themes/hello-elementor/style.minc141.css]
[autopecasgallo.com.br/wp-content/themes/hello-elementor/theme.minc141.css]
[autopecasgallo.com.br/wp-content/plugins/elementor/assets/css/frontend-lite.mina5bd.css]
[autopecasgallo.com.br/wp-content/cache/min/1/wp-content/uploads/elementor/css/post-8-33d78085af0c4defe482541fdea153b4.css]
[autopecasgallo.com.br/wp-content/plugins/elementor/assets/lib/eicons/fonts/eiconsd6bb.eot]
[autopecasgallo.com.br/wp-content/plugins/elementor/assets/lib/eicons/fonts/eiconsd6bb.woff2]
[autopecasgallo.com.br/wp-content/plugins/elementor/assets/lib/eicons/fonts/eiconsd6bb.woff]
[autopecasgallo.com.br/wp-content/plugins/elementor/assets/lib/eicons/fonts/eiconsd6bb.ttf]
[autopecasgallo.com.br/wp-content/cache/min/1/wp-content/plugins/elementor/assets/lib/eicons/css/elementor-icons.min-4b322ec4fb95a695bf0939d284d75472.css]
[autopecasgallo.com.br/wp-content/cache/min/1/wp-content/plugins/elementor/assets/lib/swiper/v8/css/swiper.min-2dcd2555f0b29bce481d79dd0762fbc4.css]
[autopecasgallo.com.br/wp-content/plugins/pro-elements/assets/css/frontend-lite.min1ac1.css]
[autopecasgallo.com.br/wp-content/cache/min/1/wp-content/uploads/elementor/css/global-45bcc181d71a31e2e08eed1b6ac62cf8.css]
[autopecasgallo.com.br/wp-content/uploads/2023/03/bg1-home-1.webp]
[autopecasgallo.com.br/wp-content/cache/min/1/wp-content/uploads/elementor/css/post-67-83ad0e3da61f83e7ebc03b3a2ae98047.css]
[autopecasgallo.com.br/wp-content/plugins/elementor/assets/lib/font-awesome/css/fontawesome.min52d5.css]
[autopecasgallo.com.br/wp-content/plugins/elementor/assets/lib/font-awesome/webfonts/fa-solid-900.eot]
[autopecasgallo.com.br/wp-content/plugins/elementor/assets/lib/font-awesome/webfonts/fa-solid-900d41d.eot]
[autopecasgallo.com.br/wp-content/plugins/elementor/assets/lib/font-awesome/webfonts/fa-solid-900.woff2]
[autopecasgallo.com.br/wp-content/plugins/elementor/assets/lib/font-awesome/webfonts/fa-solid-900.woff]
[autopecasgallo.com.br/wp-content/plugins/elementor/assets/lib/font-awesome/webfonts/fa-solid-900.ttf]
[autopecasgallo.com.br/wp-content/cache/min/1/wp-content/plugins/elementor/assets/lib/font-awesome/css/solid.min-e818003f5fcc06259626ca42af008d52.css]
[autopecasgallo.com.br/wp-content/plugins/elementor/assets/lib/font-awesome/webfonts/fa-brands-400.eot]
[autopecasgallo.com.br/wp-content/plugins/elementor/assets/lib/font-awesome/webfonts/fa-brands-400d41d.eot]
[autopecasgallo.com.br/wp-content/plugins/elementor/assets/lib/font-awesome/webfonts/fa-brands-400.woff2]
[autopecasgallo.com.br/wp-content/plugins/elementor/assets/lib/font-awesome/webfonts/fa-brands-400.woff]
[autopecasgallo.com.br/wp-content/plugins/elementor/assets/lib/font-awesome/webfonts/fa-brands-400.ttf]
[autopecasgallo.com.br/wp-content/cache/min/1/wp-content/plugins/elementor/assets/lib/font-awesome/css/brands.min-a8fb8a0c1be41e79924de9e39fc1a7ca.css]
[www.googletagmanager.com/gtm5445.html]
[autopecasgallo.com.br/wp-content/plugins/elementor/assets/css/widget-icon-list.min.css]
[autopecasgallo.com.br/wp-content/cache/min/1/wp-content/uploads/trustindex-google-widget-ecf8970f4f95c0e1d52df1f370f141ba.css]
[autopecasgallo.com.br/wp-content/uploads/2023/03/fundo-barra-superior-form-whatsapp-1.jpg]
[autopecasgallo.com.br/wp-content/cache/min/1/wp-content/uploads/elementor/css/post-237-a7f22e9d747ad4963c2462b91b8b51d1.css]
[autopecasgallo.com.br/wp-content/plugins/elementor/assets/lib/animations/animations.mina5bd.css]
[autopecasgallo.com.br/wp-content/plugins/elementor/assets/lib/eicons/fonts/eiconsd6bb.svg]
[autopecasgallo.com.br/wp-content/plugins/elementor/assets/lib/font-awesome/webfonts/fa-solid-900.svg]
[autopecasgallo.com.br/wp-content/plugins/elementor/assets/lib/font-awesome/webfonts/fa-brands-400.svg]
